// Jest Snapshot v1, https://goo.gl/fbAQLP

exports[`Widget matches snapshot 1`] = `
<DocumentFragment>
  <div
    class="mainContainer"
    style="background-color: rgb(255, 255, 255);"
  >
    <h1>
      Widget Container - Children
    </h1>
    <div
      class="actionRemove"
      data-testid="a2c82ff0-a886-4016-a9ac-e3b6d8e49676"
    >
      <svg
        fill="none"
        height="16"
        stroke="currentColor"
        stroke-linecap="round"
        stroke-linejoin="round"
        stroke-width="2"
        viewBox="0 0 24 24"
        width="16"
        xmlns="http://www.w3.org/2000/svg"
      >
        <line
          x1="18"
          x2="6"
          y1="6"
          y2="18"
        />
        <line
          x1="6"
          x2="18"
          y1="6"
          y2="18"
        />
      </svg>
    </div>
  </div>
</DocumentFragment>
`;
