// Jest Snapshot v1, https://goo.gl/fbAQLP

exports[`Countdown Form matches snapshot 1`] = `
<DocumentFragment>
  <form
    autocomplete="off"
  >
    <input
      id="eventName"
      name="eventName"
      placeholder="Event name"
      type="text"
      value=""
    />
    <input
      id="eventDate"
      name="eventDate"
      placeholder="Event date"
      type="date"
      value=""
    />
    <button
      type="submit"
    >
      Submit
    </button>
  </form>
</DocumentFragment>
`;
