// Jest Snapshot v1, https://goo.gl/fbAQLP

exports[`Countdown Widget matches snapshot 1`] = `
<DocumentFragment>
  <div
    class="countdownWidget"
  >
    <h3>
      Christmas
    </h3>
    <p
      class="separatorWord"
    >
      in
    </p>
    <h2
      class="remainingTime"
    >
      195 days 0 hours
    </h2>
  </div>
</DocumentFragment>
`;
